55
169 62 133 125 11 168 49 178 185 54 46 55 150 146 12 187 184 141 194 120 156 25 42 63 72 195 171 26 75 191 186 108 137 69 165 131 160 36 79 16 114 143 158 81 96 109 82 99 101 17 180 34 115 188 167
256 41 31 22 21 370 165 70 33 96 51 104 235 136 189 250 79 274 91 130 305 113 208 271 715 224 28 24 55 193 120 92 314 127 82 54 788 65 118 20 48 29 462 60 66 186 247 46 464 150 198 1 17 9 14
