56
30 25 71 66 55 78 72 20 45 83 8 41 59 64 56 37 29 53 40 84 58 52 61 69 10 62 87 49 24 2 76 35 73 27 65 26 33 75 34 43 6 22 46 44 23 50 17 38 15 79 9 85 7 70 11 86
36 4 49 13 170 137 136 153 15 12 114 16 46 14 50 51 251 48 53 21 56 0 256 5 26 3 52 10 18 66 17 9 126 76 164 32 27 213 28 57 68 115 6 55 23 2 8 45 35 61 44 94 71 19 7 22
