60
460 588 440 647 427 363 167 446 645 153 525 590 78 257 496 32 263 691 123 492 79 539 281 606 395 353 649 295 489 177 217 562 666 207 129 491 406 315 270 63 182 249 224 623 229 194 241 145 349 326 515 627 483 577 248 582 196 40 159 451
2491 635 1598 1774 1277 41 2654 337 209 213 820 978 430 231 2047 835 918 1004 193 2652 485 53 202 1459 735 667 1093 2207 546 584 585 339 52 905 65 723 416 219 1435 311 1437 486 166 1779 1603 987 109 991 119 1031 143 179 136 307 2641 848 1058 77 10 17
