21
126010 31595 51899 363656 309949 301067 150271 73332 185461 34249 64883 275546 176305 79387 312495 55705 264108 37400 293320 339598 337113
314232 374992 383553 150392 255130 378274 286334 193809 173643 191560 346205 92931 70835 220739 170303 51868 364375 80877 213848 112264 218596
