20
23152 49643 30423 29525 41155 52138 36903 47861 34789 28024 42668 40270 27405 36556 34499 33701 31138 30007 17056 2703
18359 15893 40531 3492 14345 27425 15802 20370 7131 11758 4130 9197 5347 41278 4197 23801 23047 38080 865 40480
