18
460970 350205 52908 52156 407427 325000 321046 100714 374699 282101 86159 396715 431705 306422 420498 216530 262887 222793
93609 332922 370375 134114 92163 88324 423243 330988 302102 195551 341917 385096 373879 434845 227743 363652 35510 383187
